[    0.000000] Initializing cgroup subsys cpuset
[    0.000000] Initializing cgroup subsys cpu
[    0.000000] Initializing cgroup subsys cpuacct
[    0.000000] Linux version 4.4.0-130-generic (buildd@lgw01-amd64-039) (gcc version 5.4.0 20160609 (Ubuntu 5.4.0-6ubuntu1~16.04.9) ) #156-Ubuntu SMP Thu Jun 14 08:53:28 UTC 2018 (Ubuntu 4.4.0-130.156-generic 4.4.134)
[    0.000000] Command line: BOOT_IMAGE=/boot/vmlinuz-4.4.0-130-generic root=LABEL=cloudimg-rootfs ro console=tty1 console=ttyS0
[    0.000000] KERNEL supported cpus:
[    0.000000]   Intel GenuineIntel
[    0.000000]   AMD AuthenticAMD
[    0.000000]   Centaur CentaurHauls
[    0.000000] x86/fpu: xstate_offset[2]:  576, xstate_sizes[2]:  256
[    0.000000] x86/fpu: Supporting XSAVE feature 0x01: 'x87 floating point registers'
[    0.000000] x86/fpu: Supporting XSAVE feature 0x02: 'SSE registers'
[    0.000000] x86/fpu: Supporting XSAVE feature 0x04: 'AVX registers'
[    0.000000] x86/fpu: Enabled xstate features 0x7, context size is 832 bytes, using 'standard' format.
[    0.000000] x86/fpu: Using 'eager' FPU context switches.
[    0.000000] e820: BIOS-provided physical RAM map:
[    0.000000] BIOS-e820: [mem 0x0000000000000000-0x000000000009fbff] usable
[    0.000000] BIOS-e820: [mem 0x000000000009fc00-0x000000000009ffff] reserved
[    0.000000] BIOS-e820: [mem 0x00000000000f0000-0x00000000000fffff] reserved
[    0.000000] BIOS-e820: [mem 0x0000000000100000-0x000000007ffeffff] usable
[    0.000000] BIOS-e820: [mem 0x000000007fff0000-0x000000007fffffff] ACPI data
[    0.000000] BIOS-e820: [mem 0x00000000fec00000-0x00000000fec00fff] reserved
[    0.000000] BIOS-e820: [mem 0x00000000fee00000-0x00000000fee00fff] reserved
[    0.000000] BIOS-e820: [mem 0x00000000fffc0000-0x00000000ffffffff] reserved
[    0.000000] NX (Execute Disable) protection: active
[    0.000000] SMBIOS 2.5 present.
[    0.000000] Hypervisor detected: KVM
[    0.000000] e820: last_pfn = 0x7fff0 max_arch_pfn = 0x400000000
[    0.000000] MTRR: Disabled
[    0.000000] x86/PAT: MTRRs disabled, skipping PAT initialization too.
[    0.000000] CPU MTRRs all blank - virtualized system.
[    0.000000] x86/PAT: Configuration [0-7]: WB  WT  UC- UC  WB  WT  UC- UC  
[    0.000000] found SMP MP-table at [mem 0x0009fff0-0x0009ffff] mapped at [ffff88000009fff0]
[    0.000000] Scanning 1 areas for low memory corruption
[    0.000000] RAMDISK: [mem 0x36aa4000-0x37549fff]
[    0.000000] ACPI: Early table checksum verification disabled
[    0.000000] ACPI: RSDP 0x00000000000E0000 000024 (v02 VBOX  )
[    0.000000] ACPI: XSDT 0x000000007FFF0030 00003C (v01 VBOX   VBOXXSDT 00000001 ASL  00000061)
[    0.000000] ACPI: FACP 0x000000007FFF00F0 0000F4 (v04 VBOX   VBOXFACP 00000001 ASL  00000061)
[    0.000000] ACPI: DSDT 0x000000007FFF0470 0021FF (v02 VBOX   VBOXBIOS 00000002 INTL 20180105)
[    0.000000] ACPI: FACS 0x000000007FFF0200 000040
[    0.000000] ACPI: FACS 0x000000007FFF0200 000040
[    0.000000] ACPI: APIC 0x000000007FFF0240 00005C (v02 VBOX   VBOXAPIC 00000001 ASL  00000061)
[    0.000000] ACPI: SSDT 0x000000007FFF02A0 0001CC (v01 VBOX   VBOXCPUT 00000002 INTL 20180105)
[    0.000000] No NUMA configuration found
[    0.000000] Faking a node at [mem 0x0000000000000000-0x000000007ffeffff]
[    0.000000] NODE_DATA(0) allocated [mem 0x7ffeb000-0x7ffeffff]
[    0.000000] kvm-clock: Using msrs 4b564d01 and 4b564d00
[    0.000000] kvm-clock: cpu 0, msr 0:7ffe3001, primary cpu clock
[    0.000000] kvm-clock: using sched offset of 3085380458 cycles
[    0.000000] clocksource: kvm-clock: mask: 0xffffffffffffffff max_cycles: 0x1cd42e4dffb, max_idle_ns: 881590591483 ns
[    0.000000] Zone ranges:
[    0.000000]   DMA      [mem 0x0000000000001000-0x0000000000ffffff]
[    0.000000]   DMA32    [mem 0x0000000001000000-0x000000007ffeffff]
[    0.000000]   Normal   empty
[    0.000000]   Device   empty
[    0.000000] Movable zone start for each node
[    0.000000] Early memory node ranges
[    0.000000]   node   0: [mem 0x0000000000001000-0x000000000009efff]
[    0.000000]   node   0: [mem 0x0000000000100000-0x000000007ffeffff]
[    0.000000] Initmem setup node 0 [mem 0x0000000000001000-0x000000007ffeffff]
[    0.000000] ACPI: PM-Timer IO Port: 0x4008
[    0.000000] IOAPIC[0]: apic_id 2, version 32, address 0xfec00000, GSI 0-23
[    0.000000] ACPI: INT_SRC_OVR (bus 0 bus_irq 0 global_irq 2 dfl dfl)
[    0.000000] ACPI: INT_SRC_OVR (bus 0 bus_irq 9 global_irq 9 low level)
[    0.000000] Using ACPI (MADT) for SMP configuration information
[    0.000000] smpboot: Allowing 2 CPUs, 0 hotplug CPUs
[    0.000000] PM: Registered nosave memory: [mem 0x00000000-0x00000fff]
[    0.000000] PM: Registered nosave memory: [mem 0x0009f000-0x0009ffff]
[    0.000000] PM: Registered nosave memory: [mem 0x000a0000-0x000effff]
[    0.000000] PM: Registered nosave memory: [mem 0x000f0000-0x000fffff]
[    0.000000] e820: [mem 0x80000000-0xfebfffff] available for PCI devices
[    0.000000] Booting paravirtualized kernel on KVM
[    0.000000] clocksource: refined-jiffies: mask: 0xffffffff max_cycles: 0xffffffff, max_idle_ns: 7645519600211568 ns
[    0.000000] setup_percpu: NR_CPUS:512 nr_cpumask_bits:512 nr_cpu_ids:2 nr_node_ids:1
[    0.000000] PERCPU: Embedded 34 pages/cpu @ffff88007fc00000 s99544 r8192 d31528 u1048576
[    0.000000] PV qspinlock hash table entries: 256 (order: 0, 4096 bytes)
[    0.000000] Built 1 zonelists in Node order, mobility grouping on.  Total pages: 515960
[    0.000000] Policy zone: DMA32
[    0.000000] Kernel command line: BOOT_IMAGE=/boot/vmlinuz-4.4.0-130-generic root=LABEL=cloudimg-rootfs ro console=tty1 console=ttyS0
[    0.000000] PID hash table entries: 4096 (order: 3, 32768 bytes)
[    0.000000] Memory: 2033804K/2096696K available (8546K kernel code, 1313K rwdata, 4000K rodata, 1516K init, 1316K bss, 62892K reserved, 0K cma-reserved)
[    0.000000] SLUB: HWalign=64, Order=0-3, MinObjects=0, CPUs=2, Nodes=1
[    0.000000] Kernel/User page tables isolation: enabled
[    0.000000] Hierarchical RCU implementation.
[    0.000000] 	Build-time adjustment of leaf fanout to 64.
[    0.000000] 	RCU restricting CPUs from NR_CPUS=512 to nr_cpu_ids=2.
[    0.000000] RCU: Adjusting geometry for rcu_fanout_leaf=64, nr_cpu_ids=2
[    0.000000] NR_IRQS:33024 nr_irqs:440 16
[    0.000000] Console: colour VGA+ 80x25
[    0.000000] console [tty1] enabled
[    0.000000] console [ttyS0] enabled
[    0.000000] tsc: Detected 2207.998 MHz processor
[    0.134576] Calibrating delay loop (skipped) preset value.. 4415.99 BogoMIPS (lpj=8831992)
[    0.136124] pid_max: default: 32768 minimum: 301
[    0.136962] ACPI: Core revision 20150930
[    0.138489] ACPI: 2 ACPI AML tables successfully acquired and loaded
[    0.139713] Security Framework initialized
[    0.140479] Yama: becoming mindful.
[    0.141171] AppArmor: AppArmor initialized
[    0.142385] Dentry cache hash table entries: 262144 (order: 9, 2097152 bytes)
[    0.143823] Inode-cache hash table entries: 131072 (order: 8, 1048576 bytes)
[    0.145466] Mount-cache hash table entries: 4096 (order: 3, 32768 bytes)
[    0.146631] Mountpoint-cache hash table entries: 4096 (order: 3, 32768 bytes)
[    0.147960] Initializing cgroup subsys io
[    0.148722] Initializing cgroup subsys memory
[    0.149527] Initializing cgroup subsys devices
[    0.150366] Initializing cgroup subsys freezer
[    0.151181] Initializing cgroup subsys net_cls
[    0.152005] Initializing cgroup subsys perf_event
[    0.152851] Initializing cgroup subsys net_prio
[    0.153673] Initializing cgroup subsys hugetlb
[    0.154505] Initializing cgroup subsys pids
[    0.155324] CPU: Physical Processor ID: 0
[    0.156081] CPU: Processor Core ID: 0
[    0.158377] mce: CPU supports 0 MCE banks
[    0.159148] Last level iTLB entries: 4KB 64, 2MB 8, 4MB 8
[    0.160097] Last level dTLB entries: 4KB 64, 2MB 0, 4MB 0, 1GB 4
[    0.161124] Spectre V2 : Mitigation: Full generic retpoline
[    0.162118] Spectre V2 : Speculation control IBPB not-supported IBRS not-supported
    0.163345] Spectre V2 : Filling RSB on context switch
[    0.175177] Speculative Store Bypass: Vulnerable
[    0.178075] Freeing SMP alternatives memory: 32K
[    0.191145] ftrace: allocating 32245 entries in 126 pages
[    0.255837] smpboot: APIC(0) Converting physical 0 to logical package 0
[    0.270596] smpboot: Max logical packages: 1
[    0.271489] x2apic enabled
[    0.273184] Switched APIC routing to physical x2apic.
[    0.276124] ..TIMER: vector=0x30 apic1=0 pin1=2 apic2=-1 pin2=-1
[    0.381686] smpboot: CPU0: Intel(R) Core(TM) i5-7260U CPU @ 2.20GHz (family: 0x6, model: 0x8e, stepping: 0x9)
[    0.388606] Performance Events: unsupported p6 CPU model 142 no PMU driver, software events only.
[    0.390039] KVM setup paravirtual spinlock
[    0.391627] x86: Booting SMP configuration:
[    0.392289] .... node  #0, CPUs:      #1
[    0.392986] kvm-clock: cpu 1, msr 0:7ffe3041, secondary cpu clock
[    0.395348] mce: CPU supports 0 MCE banks
[    0.397857] x86: Booted up 1 node, 2 CPUs
[    0.398654] smpboot: Total of 2 processors activated (8831.99 BogoMIPS)
[    0.399864] devtmpfs: initialized
[    0.402277] evm: security.selinux
[    0.402839] evm: security.SMACK64
[    0.403408] evm: security.SMACK64EXEC
[    0.404742] evm: security.SMACK64TRANSMUTE
[    0.406160] evm: security.SMACK64MMAP
[    0.407435] evm: security.ima
[    0.408056] evm: security.capability
[    0.408880] clocksource: jiffies: mask: 0xffffffff max_cycles: 0xffffffff, max_idle_ns: 7645041785100000 ns
[    0.410603] futex hash table entries: 512 (order: 3, 32768 bytes)
[    0.411753] pinctrl core: initialized pinctrl subsystem
[    0.412765] RTC time:  8:04:08, date: 12/18/19
[    0.413718] NET: Registered protocol family 16
[    0.425629] cpuidle: using governor ladder
[    0.437786] cpuidle: using governor menu
[    0.438537] PCCT header not found.
[    0.439255] ACPI: bus type PCI registered
[    0.440024] acpiphp: ACPI Hot Plug PCI Controller Driver version: 0.5
[    0.441188] PCI: Using configuration type 1 for base access
[    0.454379] ACPI: Added _OSI(Module Device)
[    0.455171] ACPI: Added _OSI(Processor Device)
[    0.455996] ACPI: Added _OSI(3.0 _SCP Extensions)
[    0.456846] ACPI: Added _OSI(Processor Aggregator Device)
[    0.458384] ACPI: Executed 1 blocks of module-level executable AML code
[    0.461220] ACPI: Interpreter enabled
[    0.461962] ACPI: (supports S0 S5)
[    0.462641] ACPI: Using IOAPIC for interrupt routing
[    0.463654] PCI: Using host bridge windows from ACPI; if necessary, use "pci=nocrs" and report a bug
[    0.468055] ACPI: PCI Root Bridge [PCI0] (domain 0000 [bus 00-ff])
[    0.469122] acpi PNP0A03:00: _OSC: OS supports [ASPM ClockPM Segments MSI]
[    0.470297] acpi PNP0A03:00: _OSC: not requesting OS control; OS requires [ExtendedConfig ASPM ClockPM MSI]
[    0.472011] acpi PNP0A03:00: fail to add MMCONFIG information, can't access extended PCI configuration space under this bridge.
[    0.474163] PCI host bridge to bus 0000:00
[    0.474936] pci_bus 0000:00: root bus resource [io  0x0000-0x0cf7 window]
[    0.476075] pci_bus 0000:00: root bus resource [io  0x0d00-0xffff window]
[    0.477210] pci_bus 0000:00: root bus resource [mem 0x000a0000-0x000bffff window]
[    0.478613] pci_bus 0000:00: root bus resource [mem 0x80000000-0xfdffffff window]
[    0.480015] pci_bus 0000:00: root bus resource [bus 00-ff]
[    0.482270] pci 0000:00:01.1: legacy IDE quirk: reg 0x10: [io  0x01f0-0x01f7]
[    0.483467] pci 0000:00:01.1: legacy IDE quirk: reg 0x14: [io  0x03f6]
[    0.492250] pci 0000:00:01.1: legacy IDE quirk: reg 0x18: [io  0x0170-0x0177]
[    0.493436] pci 0000:00:01.1: legacy IDE quirk: reg 0x1c: [io  0x0376]
[    0.513541] pci 0000:00:07.0: quirk: [io  0x4000-0x403f] claimed by PIIX4 ACPI
[    0.514942] pci 0000:00:07.0: quirk: [io  0x4100-0x410f] claimed by PIIX4 SMB
[    0.528922] ACPI: PCI Interrupt Link [LNKA] (IRQs 5 9 10 *11)
[    0.542141] ACPI: PCI Interrupt Link [LNKB] (IRQs 5 9 *10 11)
[    0.672293] ACPI: PCI Interrupt Link [LNKC] (IRQs 5 *9 10 11)
[    0.673481] ACPI: PCI Interrupt Link [LNKD] (IRQs 5 9 10 *11)
[    0.674743] ACPI: Enabled 2 GPEs in block 00 to 07
[    0.675811] vgaarb: setting as boot device: PCI:0000:00:02.0
[    0.676623] vgaarb: device added: PCI:0000:00:02.0,decodes=io+mem,owns=io+mem,locks=none
[    0.677849] vgaarb: loaded
[    0.678363] vgaarb: bridge control possible 0000:00:02.0
[    0.679357] SCSI subsystem initialized
[    0.680083] ACPI: bus type USB registered
[    0.680738] usbcore: registered new interface driver usbfs
[    0.681535] usbcore: registered new interface driver hub
[    0.682344] usbcore: registered new device driver usb
[    0.683291] PCI: Using ACPI for IRQ routing
[    0.684189] NetLabel: Initializing
[    0.684762] NetLabel:  domain hash size = 128
[    0.685432] NetLabel:  protocols = UNLABELED CIPSOv4
[    0.686197] NetLabel:  unlabeled traffic allowed by default
[    0.687096] amd_nb: Cannot enumerate AMD northbridges
[    0.687879] clocksource: Switched to clocksource kvm-clock
[    0.693928] AppArmor: AppArmor Filesystem Enabled
[    0.694715] pnp: PnP ACPI init
[    0.695870] pnp: PnP ACPI: found 3 devices
[    .709 cckurce: acpi_pm: mask: 0xffffff max_cycles: 0xffffff, max_idle_ns: 2085701024 ns
[    0.947571] NET: Registered protocol family 2
[    0.948401] TCP established hash table entries: 16384 (order: 5, 131072 bytes)
[    0.949559] TCP bind hash table entries: 16384 (order: 6, 262144 bytes)
[    0.950495] TCP: Hash tables configured (established 16384 bind 16384)
[    0.951412] UDP hash table entries: 1024 (order: 3, 32768 bytes)
[    0.952272] UDP-Lite hash table entries: 1024 (order: 3, 32768 bytes)
[    0.953196] NET: Registered protocol family 1
[    0.953882] pci 0000:00:00.0: Limiting direct PCI/PCI transfers
[    0.954734] pci 0000:00:01.0: Activating ISA DMA hang workarounds
[    0.955696] Unpacking initramfs...
[    2.398960] Freeing initrd memory: 10904K
[    2.462621] platform rtc_cmos: registered platform RTC device (no PNP device found)
[    2.463852] Scanning for low memory corruption every 60 seconds
[    2.465019] audit: initializing netlink subsys (disabled)
[    2.465821] audit: type=2000 audit(1576656254.705:1): initialized
[    2.466892] Initialise system trusted keyring
[    2.467696] HugeTLB registered 2 MB page size, pre-allocated 0 pages
[    2.469715] zbud: loaded
[    2.470483] VFS: Disk quotas dquot_6.6.0
[    2.471136] VFS: Dquot-cache hash table entries: 512 (order 0, 4096 bytes)
[    2.473388] squashfs: version 4.0 (2009/01/31) Phillip Lougher
[    2.474425] fuse init (API version 7.23)
[    2.475151] Key type big_key registered
[    2.475804] Allocating IMA MOK and blacklist keyrings.
[    2.477483] Key type asymmetric registered
[    2.478133] Asymmetric key parser 'x509' registered
[    2.478886] Block layer SCSI generic (bsg) driver version 0.4 loaded (major 249)
[    2.480103] io scheduler noop registered
[    2.480731] io scheduler deadline registered (default)
[    2.481509] io scheduler cfq registered
[    2.482196] pci_hotplug: PCI Hot Plug PCI Core version: 0.5
[    2.483004] pciehp: PCI Express Hot Plug Controller Driver version: 0.4
[    2.484029] ACPI: AC Adapter [AC] (on-line)
[    2.484728] input: Power Button as /devices/LNXSYSTM:00/LNXPWRBN:00/input/input0
[    2.485885] ACPI: Power Button [PWRF]
[    2.486531] input: Sleep Button as /devices/LNXSYSTM:00/LNXSLPBN:00/input/input1
[    2.487698] ACPI: Sleep Button [SLPF]
[    2.488449] GHES: HEST is not enabled!
[    2.489121] Serial: 8250/16550 driver, 32 ports, IRQ sharing enabled
[    2.511636] 00:02: ttyS0 at I/O 0x3f8 (irq = 4, base_baud = 115200) is a 16550A
[    2.525782] Linux agpgart interface v0.103
[    2.527560] loop: module loaded
[    2.528563] scsi host0: ata_piix
[    2.529217] scsi host1: ata_piix
[    2.529797] ata1: PATA max UDMA/33 cmd 0x1f0 ctl 0x3f6 bmdma 0xd000 irq 14
[    2.530737] ata2: PATA max UDMA/33 cmd 0x170 ctl 0x376 bmdma 0xd008 irq 15
[    2.531760] libphy: Fixed MDIO Bus: probed
[    2.532542] tun: Universal TUN/TAP device driver, 1.6
[    2.533451] tun: (C) 1999-2004 Max Krasnyansky <maxk@qualcomm.com>
[    2.534533] PPP generic driver version 2.4.2
[    2.535381] ehci_hcd: USB 2.0 'Enhanced' Host Controller (EHCI) Driver
[    2.536517] ehci-pci: EHCI PCI platform driver
[    2.537354] ehci-platform: EHCI generic platform driver
[    2.538288] ohci_hcd: USB 1.1 'Open' Host Controller (OHCI) Driver
[    2.539350] ohci-pci: OHCI PCI platform driver
[    2.540196] ohci-platform: OHCI generic platform driver
[    2.541128] uhci_hcd: USB Universal Host Controller Interface driver
[    2.542249] i8042: PNP: PS/2 Controller [PNP0303:PS2K,PNP0f03:PS2M] at 0x60,0x64 irq 1,12
[    2.544122] serio: i8042 KBD port at 0x60,0x64 irq 1
[    2.545024] serio: i8042 AUX port at 0x60,0x64 irq 12
[    2.546004] mousedev: PS/2 mouse device common for all mice
[    2.547167] input: AT Translated Set 2 keyboard as /devices/platform/i8042/serio0/input/input2
[    2.550202] rtc_cmos rtc_cmos: rtc core: registered rtc_cmos as rtc0
[    2.551154] rtc_cmos rtc_cmos: alarms up to one day, 114 bytes nvram
[    2.552065] i2c /dev entries driver
[    2.552714] device-mapper: uevent: version 1.0.3
[    2.553551] device-mapper: ioctl: 4.34.0-ioctl (2015-10-28) initialised: dm-devel@redhat.com
[    2.554859] ledtrig-cpu: registered to indicate activity on CPUs
[    2.556091] NET: Registered protocol family 10
[    2.556932] NET: Registered protocol family 17
[    2.557632] Key type dns_resolver registered
[    2.558603] registered taskstats version 1
[    2.559270] Loading compiled-in X.509 certificates
[    2.560516] Loaded X.509 cert 'Build time autogenerated kernel key: b3e0fe4bcd6378c38a2c0a4648abbc1fa5043a22'
[    2.561969] zswap: loaded using pool lzo/zbud
[    2.564045] Key type trusted registered
[    2.566984] Key type encrypted registered
[    2.567650] AppArmor: AppArmor sha1 policy hashing enabled
[    2.568468] ima: No TPM chip found, activating TPM-bypass!
[    2.569268] ima: Allocated hash algorithm: sha1
[    2.569971] evm: HMAC attrs: 0x1
[    2.570779]   Magic number: 15:748:68
[    2.571457] rtc_cmos rtc_cmos: setting system clock to 2019-12-18 08:04:10 UTC (1576656250)
[    2.572826] BIOS EDD facility v0.16 2004-Jun-25, 0 devices found
[    2.573684] EDD information not available.
[    2.694874] Freeing unused kernel memory: 1516K
[    3.162711] Write protecting the kernel read-only data: 14336k
[    3.357894] Freeing unused kernel memory: 1680K
[    3.407173] Freeing unused kernel memory: 96K
Loading, please wait...
starting version 229
[    3.418533] random: systemd-udevd: uninitialized urandom read (16 bytes read, 3 bits of entropy available)
[    3.419411] random: udevadm: uninitialized urandom read (16 bytes read, 3 bits of entropy available)
[    3.419431] random: udevadm: uninitialized urandom read (16 bytes read, 3 bits of entropy available)
[    3.427165] random: udevadm: uninitialized urandom read (16 bytes read, 3 bits of entropy available)
[    3.427208] random: udevadm: uninitialized urandom read (16 bytes read, 3 bits of entropy available)
[    3.427345] random: udevadm: uninitialized urandom read (16 bytes read, 3 bits of entropy available)
[    3.427395] random: udevadm: uninitialized urandom read (16 bytes read, 3 bits of entropy available)
[    3.427441] random: udevadm: uninitialized urandom read (16 bytes read, 3 bits of entropy available)
[    3.427488] random: udevadm: uninitialized urandom read (16 bytes read, 3 bits of entropy available)
[    3.427535] random: udevadm: uninitialized urandom read (16 bytes read, 3 bits of entropy available)
[    3.466442] tsc: Refined TSC clocksource calibration: 2214.287 MHz
[    3.466444] clocksource: tsc: mask: 0xffffffffffffffff max_cycles: 0x1feaeb2c8f5, max_idle_ns: 440795240993 ns
[    3.779457] e1000: Intel(R) PRO/1000 Network Driver - version 7.3.21-k8-NAPI
[    3.780716] e1000: Copyright (c) 1999-2006 Intel Corporation.
[    3.783671] Fusion MPT base driver 3.04.20
[    3.784356] Copyright (c) 1999-2008 LSI Corporation
[    3.791740] Fusion MPT SPI Host driver 3.04.20
[    3.802982] AVX2 version of gcm_enc/dec engaged.
[    3.805245] AES CTR mode by8 optimization enabled
[    3.989249] input: ImExPS/2 Generic Explorer Mouse as /devices/platform/i8042/serio1/input/input4
[    4.124210] e1000 0000:00:03.0 eth0: (PCI:33MHz:32-bit) 02:c5:fa:e6:4f:6d
[    4.125398] e1000 0000:00:03.0 eth0: Intel(R) PRO/1000 Network Connection
[    4.127180] mptbase: ioc0: Initiating bringup
[    4.188550] ioc0: LSI53C1030 A0: Capabilities={Initiator}
[    4.357892] scsi host2: ioc0: LSI53C1030 A0, FwRev=00000000h, Ports=1, MaxQ=256, IRQ=20
[    4.472147] scsi 2:0:0:0: Direct-Access     VBOX     HARDDISK         1.0  PQ: 0 ANSI: 5
[    4.473782] scsi target2:0:0: Beginning Domain Validation
[    4.475436] scsi target2:0:0: Domain Validation skipping write tests
[    4.476473] scsi target2:0:0: Ending Domain Validation
[    4.477367] scsi target2:0:0: asynchronous
[    4.478352] scsi 2:0:1:0: Direct-Access     VBOX     HARDDISK         1.0  PQ: 0 ANSI: 5
[    4.560421] scsi target2:0:1: Beginning Domain Validation
[    4.561998] scsi target2:0:1: Domain Validation skipping write tests
[    4.571544] scsi target2:0:1: Ending Domain Validation
[    4.572549] scsi target2:0:1: asynchronous
[    4.588695] sd 2:0:0:0: Attached scsi generic sg0 type 0
[    4.589701] sd 2:0:0:0: [sda] 20971520 512-byte logical blocks: (10.7 GB/10.0 GiB)
[    4.591595] sd 2:0:1:0: [sdb] 20480 512-byte logical blocks: (10.5 MB/10.0 MiB)
[    4.594480] sd 2:0:1:0: Attached scsi generic sg1 type 0
[    4.596864] sd 2:0:0:0: [sda] Write Protect is off
[    4.597772] sd 2:0:1:0: [sdb] Write Protect is off
[    4.598713] sd 2:0:0:0: [sda] Incomplete mode parameter data
[    4.599725] sd 2:0:0:0: [sda] Assuming drive cache: write through
[    4.600961] sd 2:0:1:0: [sdb] Incomplete mode parameter data
[    4.601961] sd 2:0:1:0: [sdb] Assuming drive cache: write through
[    4.603973]  sda: sda1
[    4.605005] sd 2:0:0:0: [sda] Attached SCSI disk
[    4.606223] sd 2:0:1:0: [sdb] Attached SCSI disk
[    4.817799] e1000 0000:00:08.0 eth1: (PCI:33MHz:32-bit) 08:00:27:d6:b6:1e
[    5.021194] e1000 0000:00:08.0 eth1: Intel(R) PRO/1000 Network Connection
[    5.225230] e1000 0000:00:08.0 enp0s8: renamed from eth1
[    5.392429] e1000 0000:00:03.0 enp0s3: renamed from eth0
Begin: Loading e[    6.769206] md: linear personality registered for level -1
ssential drivers ... [    6.810920] md: multipath personality registered for level -4
[    6.813424] md: raid0 personality registered for level 0
[    6.816205] md: raid1 personality registered for level 1
[    6.883898] raid6: sse2x1   gen() 11834 MB/s
[    6.951896] raid6: sse2x1   xor()  8832 MB/s
[    7.019894] raid6: sse2x2   gen() 14617 MB/s
[    7.087904] raid6: sse2x2   xor() 10158 MB/s
[    7.155894] raid6: sse2x4   gen() 16622 MB/s
[    7.223936] raid6: sse2x4   xor() 11376 MB/s
[    7.291939] raid6: avx2x1   gen() 23559 MB/s
[    7.367904] raid6: avx2x2   gen() 27004 MB/s
[    7.435893] raid6: avx2x4   gen() 29778 MB/s
[    7.436570] raid6: using algorithm avx2x4 gen() 29778 MB/s
[    7.437358] raid6: using avx2x2 recovery algorithm
[    7.439114] xor: automatically using best checksumming function:
[    7.488080]    avx       : 63866.000 MB/sec
[    7.489876] async_tx: api initialized (async)
[    7.496562] md: raid6 personality registered for level 6
[    7.498486] md: raid5 personality registered for level 5
[    7.499275] md: raid4 personality registered for level 4
[    7.504318] md: raid10 personality registered for level 10
done.
Begin: Running /scripts/init-premount ... done.
Begin: Mounting root file system ... Begin: Running /scripts/local-top ... done.
Begin: Running /scripts/local-premount ... [    7.529627] Btrfs loaded
Scanning for Btrfs filesystems
done.
Warning: fsck no[    7.553502] EXT4-fs (sda1): INFO: recovery required on readonly filesystem
t present, so skipping root file system
[    7.661671] EXT4-fs (sda1): write access will be enabled during recovery
[    7.701768] EXT4-fs (sda1): orphan cleanup on readonly fs
[    7.727086] EXT4-fs (sda1): 6 orphan inodes deleted
[    7.727833] EXT4-fs (sda1): recovery complete
[    7.729153] EXT4-fs (sda1): mounted filesystem with ordered data mode. Opts: (null)
done.
Begin: Running /scripts/local-bottom ... done.
Begin: Running /scripts/init-bottom ... done.
[    7.931526] systemd[1]: systemd 229 running in system mode. (+PAM +AUDIT +SELINUX +IMA +APPARMOR +SMACK +SYSVINIT +UTMP +LIBCRYPTSETUP +GCRYPT +GNUTLS +ACL +XZ -LZ4 +SECCOMP +BLKID +ELFUTILS +KMOD -IDN)
[    7.938267] systemd[1]: Detected virtualization oracle.
[    7.939905] systemd[1]: Detected architecture x86-64.

Welcome to [1mUbuntu 16.04.4 LTS[0m!

[    7.945333] systemd[1]: Set hostname to <ubuntu-xenial>.
[    8.104585] systemd[1]: Listening on udev Control Socket.
[[0;32m  OK  [0m] Listening on udev Control Socket.
[    8.697984] systemd[1]: Listening on LVM2 poll daemon socket.
[[0;32m  OK  [0m] Listening on LVM2 poll daemon socket.
[    8.700101] systemd[1]: Reached target System Time Synchronized.
[[0;32m  OK  [0m] Reached target System Time Synchronized.
[    8.724135] systemd[1]: Listening on Journal Socket (/dev/log).
[[0;32m  OK  [0m] Listening on Journal Socket (/dev/log).
[    8.727875] systemd[1]: Reached target Swap.
[[0;32m  OK  [0m] Reached target Swap.
[    8.729282] systemd[1]: Listening on Journal Audit Socket.
[[0;32m  OK  [0m] Listening on Journal Audit Socket.
[    8.731065] systemd[1]: Created slice System Slice.
[[0;32m  OK  [0m] Created slice System Slice.
[    8.732758] systemd[1]: Created slice system-serial\x2dgetty.slice.
[[0;32m  OK  [0m] Created slice system-serial\x2dgetty.slice.
[    8.734505] systemd[1]: Started Trigger resolvconf update for networkd DNS.
[[0;32m  OK  [0m] Started Trigger resolvconf update for networkd DNS.
[    8.736697] systemd[1]: Created slice User and Session Slice.
[[0;32m  OK  [0m] Created slice User and Session Slice.
[    8.738749] systemd[1]: Reached target Slices.
[[0;32m  OK  [0m] Reached target Slices.
[    8.740635] systemd[1]: Listening on Device-mapper event daemon FIFOs.
[[0;32m  OK  [0m] Listening on Device-mapper event daemon FIFOs.
[    8.742521] systemd[1]: Started Forward Password Requests to Wall Directory Watch.
[[0;32m  OK  [0m] Started Forward Password Requests to Wall Directory Watch.
[    8.744859] systemd[1]: Listening on /dev/initctl Compatibility Named Pipe.
[[0;32m  OK  [0m] Listening on /dev/initctl Compatibility Named Pipe.
[    8.746804] systemd[1]: Reached target Encrypted Volumes.
[[0;32m  OK  [0m] Reached target Encrypted Volumes.
[    8.748500] systemd[1]: Listening on Journal Socket.
[[0;32m  OK  [0m] Listening on Journal Socket.
[    8.764222] systemd[1]: Mounting Debug File System...
         Mounting Debug File System...
[    9.061237] systemd[1]: Mounting POSIX Message Queue File System...
         Mounting POSIX Message Queue File System...
[    9.063899] systemd[1]: Starting Nameserver information manager...
         Starting Nameserver information manager...
[    9.066586] systemd[1]: Mounting Huge Pages File System...
         Mounting Huge Pages File System...
[    9.068798] systemd[1]: Starting Remount Root and Kernel File Systems...
[    9.073188] EXT4-fs (sda1): re-mounted. Opts: (null)
         Starting Remount Root and Kernel File Systems...
[    9.261253] systemd[1]: Starting Load Kernel Modules...
[    9.268656] Loading iSCSI transport class v2.0-870.
         Starting Load Kernel Modules...
[    9.270700] systemd[1]: Starting Set console keymap...
[    9.270888] random: nonblocking pool is initialized
         Starting Set console keymap...
[    9.286801] iscsi: registered transport (tcp)
[    9.289948] systemd[1]: Listening on LVM2 metadata daemon socket.
[[0;32m  OK  [0m] Listening on LVM2 metadata daemon socket.
[    9.293072] systemd[1]: Starting Monitoring of LVM2 mirrors, snapshots etc. using dmeventd or progress polling...
         Starting Monitoring of LVM2 mirrors... dmeventd or progress polling...
[    9.307407] systemd[1]: Starting Uncomplicated firewall...
         Starting Uncomplicated firewall...
[    9.316704] systemd[1]: Listening on Syslog Socket.
[[0;32m  OK  [0m] Listening on Syslog Socket.
[    9.322078] systemd[1]: Starting Journal Service...
         Starting Journal Service...
[    9.324882] systemd[1]: Listening on udev Kernel Socket.
[[0;32m  OK  [0m] Listening on udev Kernel Socket.
[    9.328192] systemd[1]: Reached target User and Group Name Lookups.
[[0;32m  OK  [0m] Reached target User and Group Name Lookups.
[    9.330842] systemd[1]: Starting Create list of required static device nodes for the current kernel...
         Starting Create list of required st... nodes for the current kernel...
[    9.337479] iscsi: registered transport (iser)
[    9.344190] systemd[1]: Set up automount Arbitrary Executable File Formats File System Automount Point.
[[0;32m  OK  [0m] Set up automount Arbitrary Executab...ats File System Automount Point.
[    9.360613] systemd[1]: Mounted POSIX Message Queue File System.
[[0;32m  OK  [0m] Mounted POSIX Message Queue File System.
[    9.362909] systemd[1]: Mounted Huge Pages File System.
[[0;32m  OK  [0m] Mounted Huge Pages File System.
[    9.365026] systemd[1]: Mounted Debug File System.
[[0;32m  OK  [0m] Mounted Debug File System.
[    9.366992] systemd[1]: Started Journal Service.
[[0;32m  OK  [0m] Started Journal Service.
[[0;32m  OK  [0m] Started Remount Root and Kernel File Systems.
[[0;32m  OK  [0m] Started Load Kernel Modules.
[[0;32m  OK  [0m] Started Set console keymap.
[[0;32m  OK  [0m] Started Uncomplicated firewall.
[[0;32m  OK  [0m] Started Create list of required sta...ce nodes for the current kernel.
[[0;32m  OK  [0m] Started Nameserver information manager.
[[0;32m  OK  [0m] Started LVM2 metadata daemon.
         Starting Create Static Device Nodes in /dev...
         Mounting FUSE Control File System...
         Starting Apply Kernel Variables...
         Starting Load/Save Random Seed...
         Starting udev Coldplug all Devices...
         Starting Flush Journal to Persistent Storage...
[[0;32m  OK  [0m] Mounted FUSE Control File System.
[[0;32m  OK  [0m] Started Create Static Device Nodes in /dev.
[[0;32m  OK  [0m] Started Apply Kernel Variables.
[[0;32m  OK  [0m] Started Load/Save Random Seed.
[[0;32m  OK  [0m] Started Flush Journal to Persistent Storage.
[[0;32m  OK  [0m] Started udev Coldplug all Devices.
         Starting udev Kernel Device Manager...
[[0;32m  OK  [0m] Started udev Kernel Device Manager.
[[0;32m  OK  [0m] Started Dispatch Password Requests to Console Directory Watch.
[[0;32m  OK  [0m] Found device /dev/ttyS0.
[[0;32m  OK  [0m] Started Monitoring of LVM2 mirrors,...ng dmeventd or progress polling.
[[0;32m  OK  [0m] Reached target Local File Systems (Pre).
[[0;32m  OK  [0m] Reached target Local File Systems.
         Starting Set console font and keymap...
         Starting Initial cloud-init job (pre-networking)...
         Starting Tell Plymouth To Write Out Runtime Data...
         Starting LSB: AppArmor initialization...
         Starting Create Volatile Files and Directories...
[[0;32m  OK  [0m] Started Tell Plymouth To Write Out Runtime Data.
[[0;32m  OK  [0m] Started Create Volatile Files and Directories.
         Starting Update UTMP about System Boot/Shutdown...
[[0;32m  OK  [0m] Found device 82540EM Gigabit Ethern...r (PRO/1000 MT Desktop Adapter).
[[0;32m  OK  [0m] Found device 82540EM Gigabit Ethern...r (PRO/1000 MT Desktop Adapter).
[[0;32m  OK  [0m] Listening on Load/Save RF Kill Switch Status /dev/rfkill Watch.
[[0;32m  OK  [0m] Started Update UTMP about System Boot/Shutdown.
[[0;32m  OK  [0m] Started LSB: AppArmor initialization.
[[0;32m  OK  [0m] Started Set console font and keymap.
[[0;32m  OK  [0m] Created slice system-getty.slice.
[   10.185294] cloud-init[573]: Cloud-init v. 18.2 running 'init-local' at Wed, 18 Dec 2019 08:04:18 +0000. Up 9.95 seconds.
[[0;32m  OK  [0m] Started Initial cloud-init job (pre-networking).
[[0;32m  OK  [0m] Reached target Network (Pre).
[[0;32m  OK  [0m] Started ifup for enp0s8.
[[0;32m  OK  [0m] Started ifup for enp0s3.
         Starting Raise network interfaces...
[[0;32m  OK  [0m] Started Raise network interfaces.
[[0;32m  OK  [0m] Reached target Network.
         Starting Initial cloud-init job (metadata service crawler)...
[   10.882960] cloud-init[1084]: Cloud-init v. 18.2 running 'init' at Wed, 18 Dec 2019 08:04:19 +0000. Up 10.63 seconds.
[   10.884966] cloud-init[1084]: ci-info: ++++++++++++++++++++++++++++++++++++++Net device info++++++++++++++++++++++++++++++++++++++
[   10.886935] cloud-init[1084]: ci-info: +--------+------+-----------------------------+---------------+-------+-------------------+
[   10.888658] cloud-init[1084]: ci-info: | Device |  Up  |           Address           |      Mask     | Scope |     Hw-Address    |
[   10.890341] cloud-init[1084]: ci-info: +--------+------+-----------------------------+---------------+-------+-------------------+
[   10.892023] cloud-init[1084]: ci-info: | enp0s3 | True |          10.0.2.15          | 255.255.255.0 |   .   | 02:c5:fa:e6:4f:6d |
[   10.893712] cloud-init[1084]: ci-info: | enp0s3 | True |  fe80::c5:faff:fee6:4f6d/64 |       .       |  link | 02:c5:fa:e6:4f:6d |
[   10.895429] cloud-init[1084]: ci-info: | enp0s8 | True |        192.168.33.10        | 255.255.255.0 |   .   | 08:00:27:d6:b6:1e |
[   10.897185] cloud-init[1084]: ci-info: | enp0s8 | True | fe80::a00:27ff:fed6:b61e/64 |       .       |  link | 08:00:27:d6:b6:1e |
[   10.898876] cloud-init[1084]: ci-info: |   lo   | True |          127.0.0.1          |   255.0.0.0   |   .   |         .         |
[   10.900593] cloud-init[1084]: ci-info: |   lo   | True |           ::1/128           |       .       |  host |         .         |
[   10.902255] cloud-init[1084]: ci-info: +--------+------+-----------------------------+---------------+-------+-------------------+
[   10.903939] cloud-init[1084]: ci-info: ++++++++++++++++++++++++++++Route IPv4 info++++++++++++++++++++++++++++
[   10.905488] cloud-init[1084]: ci-info: +-------+--------------+----------+---------------+-----------+-------+
[   10.907026] cloud-init[1084]: ci-info: | Route | Destination  | Gateway  |    Genmask    | Interface | Flags |
[   10.908571] cloud-init[1084]: ci-info: +-------+--------------+----------+---------------+-----------+-------+
[   10.910093] cloud-init[1084]: ci-info: |   0   |   0.0.0.0    | 10.0.2.2 |    0.0.0.0    |   enp0s3  |   UG  |
[   10.911669] cloud-init[1084]: ci-info: |   1   |   10.0.2.0   | 0.0.0.0  | 255.255.255.0 |   enp0s3  |   U   |
[   10.913232] cloud-init[1084]: ci-info: |   2   | 192.168.33.0 | 0.0.0.0  | 255.255.255.0 |   enp0s8  |   U   |
[   10.914779] cloud-init[1084]: ci-info: +-------+--------------+----------+---------------+-----------+-------+
[[0;32m  OK  [0m] Started Initial cloud-init job (metadata service crawler).
[[0;32m  OK  [0m] Reached target Cloud-config availability.
[[0;32m  OK  [0m] Reached target Network is Online.
         Starting iSCSI initiator daemon (iscsid)...
[[0;32m  OK  [0m] Reached target System Initialization.
[[0;32m  OK  [0m] Started Daily Cleanup of Temporary Directories.
[[0;32m  OK  [0m] Listening on UUID daemon activation socket.
[[0;32m  OK  [0m] Started ACPI Events Check.
[[0;32m  OK  [0m] Reached target Paths.
[[0;32m  OK  [0m] Started Daily apt download activities.
         Starting LXD - unix socket.
[[0;32m  OK  [0m] Started Clean PHP session files every 30 mins.
         Starting Socket activation for snappy daemon.
[[0;32m  OK  [0m] Started Daily apt upgrade and clean activities.
[[0;32m  OK  [0m] Listening on D-Bus System Message Bus Socket.
[[0;32m  OK  [0m] Reached target Timers.
[[0;32m  OK  [0m] Listening on ACPID Listen Socket.
[[0;32m  OK  [0m] Listening on LXD - unix socket.
[[0;32m  OK  [0m] Listening on Socket activation for snappy daemon.
[[0;32m  OK  [0m] Started iSCSI initiator daemon (iscsid).
         Starting Login to default iSCSI targets...
[[0;32m  OK  [0m] Reached target Sockets.
[[0;32m  OK  [0m] Reached target Basic System.
         Starting LSB: MD monitoring daemon...
         Starting Virtualbox guest utils...
[[0;32m  OK  [0m] Started Deferred execution scheduler.
         Starting LSB: Record successful boot for GRUB...
         Starting MySQL Community Server...
[[0;32m  OK  [0m] Started Unattended Upgrades Shutdown.
         Starting /etc/rc.local Compatibility...
         Starting Login Service...
[[0;32m  OK  [0m] Started D-Bus System Message Bus.
         Starting Accounts Service...
         Starting Apply the settings specified in cloud-config...
[[0;32m  OK  [0m] Started ACPI event daemon.
[[0;32m  OK  [0m] Started FUSE filesystem for LXC.
         Starting Snappy daemon...
         Starting Clean php session files...
[[0;32m  OK  [0m] Started Regular background program processing daemon.
         Starting OpenBSD Secure Shell server...
         Starting System Logging Service...
         Starting LXD - container startup/shutdown...
[[0;32m  OK  [0m] Started /etc/rc.local Compatibility.
[[0;32m  OK  [0m] Started System Logging Service.
[[0;32m  OK  [0m] Started OpenBSD Secure Shell server.
[[0;32m  OK  [0m] Started LSB: Record successful boot for GRUB.
[[0;32m  OK  [0m] Started Login to default iSCSI targets.
[[0;32m  OK  [0m] Started LSB: MD monitoring daemon.
[[0;32m  OK  [0m] Started Login Service.
         Starting Authenticate and Authorize Users to Run Privileged Tasks...
[[0;32m  OK  [0m] Reached target Remote File Systems (Pre).
[[0;32m  OK  [0m] Reached target Remote File Systems.
         Starting LSB: daemon to balance interrupts for SMP systems...
         Starting LSB: Set the CPU Frequency Scaling governor to "ondemand"...
         Starting Permit User Sessions...
         Starting LSB: automatic crash report generation...
         Starting LSB: Apache2 web server...
[[0;32m  OK  [0m] Started Virtualbox guest utils.
[[0;32m  OK  [0m] Started Permit User Sessions.
[[0;32m  OK  [0m] Started Authenticate and Authorize Users to Run Privileged Tasks.
[[0;32m  OK  [0m] Started Snappy daemon.
[[0;32m  OK  [0m] Started Apply the settings specified in cloud-config.
[[0;32m  OK  [0m] Started LXD - container startup/shutdown.
[[0;32m  OK  [0m] Started Accounts Service.
[   11.891618] cloud-init[1179]: Cloud-init v. 18.2 running 'modules:config' at Wed, 18 Dec 2019 08:04:20 +0000. Up 11.66 seconds.
[[0;32m  OK  [0m] Started LSB: Set the CPU Frequency Scaling governor to "ondemand".
[[0;32m  OK  [0m] Started LSB: daemon to balance interrupts for SMP systems.
         Starting Wait until snapd is fully seeded...
         Starting Terminate Plymouth Boot Screen...
         Starting Hold until boot process finishes up...
[[0;32m  OK  [0m] Started LSB: automatic crash report generation.
[[0;32m  OK  [0m] Started Hold until boot process finishes up.
[[0;32m  OK  [0m] Started Getty on tty1.
         Starting Set console scheme...
[[0;32m  OK  [0m] Started Serial Getty on ttyS0.
[[0;32m  OK  [0m] Reached target Login Prompts.
[[0;32m  OK  [0m] Started Wait until snapd is fully seeded.
[[0;32m  OK  [0m] Started Terminate Plymouth Boot Screen.
[[0;32m  OK  [0m] Started Set console scheme.
[[0;32m  OK  [0m] Started Clean php session files.
[[0;32m  OK  [0m] Created slice User Slice of vagrant.
         Starting User Manager for UID 1000...
[[0;32m  OK  [0m] Started User Manager for UID 1000.
[[0;32m  OK  [0m] Started Session 1 of user vagrant.
[[0;32m  OK  [0m] Started LSB: Apache2 web server.
[[0;32m  OK  [0m] Started MySQL Community Server.
[[0;32m  OK  [0m] Reached target Multi-User System.
[[0;32m  OK  [0m] Reached target Graphical Interface.
         Starting Execute cloud user/final scripts...
         Starting Update UTMP about System Runlevel Changes...
[[0;32m  OK  [0m] Started Update UTMP about System Runlevel Changes.
[   13.841108] cloud-init[1512]: Cloud-init v. 18.2 running 'modules:final' at Wed, 18 Dec 2019 08:04:22 +0000. Up 13.74 seconds.
[   13.842955] cloud-init[1512]: Cloud-init v. 18.2 finished at Wed, 18 Dec 2019 08:04:22 +0000. Datasource DataSourceNoCloud [seed=/dev/sdb][dsmode=net].  Up 13.83 seconds
[[0;32m  OK  [0m] Started Execute cloud user/final scripts.
         Starting Daily apt download activities...
[[0;32m  OK  [0m] Reached target Cloud-init target.

Ubuntu 16.04.4 LTS ubuntu-xenial ttyS0

ubuntu-xenial login: 